[1/101] horizontal-framed-poster: loft + living-minimal (6s)
[2/101] framed-poster-aerial-yacht-wake-ocean-print: living-minimal + office (5s)
[3/101] framed-poster-the-world-rewards-action-motivational-space-wall-art: office + living-minimal (5s)
[4/101] messi-make-them-wonder-soccer-poster: gym + living-minimal (6s)
[5/101] become-unstoppable-framed-poster-motivational-sports-wall-art: office + living-minimal (8s)
[6/101] motivational-fitness-poster-stay-focused-stay-dangerous-vertical-wall-art: gym + living-minimal (6s)
[7/101] framed-poster-start-unknown-finish-unforgettable-inspirational-vertical-wall-art: office + living-minimal (5s)
[8/101] motivational-poster-set-your-own-standard-vertical-framed-art: office + living-minimal (5s)
[9/101] sacrifice-today-own-tomorrow-framed-motivational-boxing-poster: gym + living-minimal (6s)
[10/101] motivational-poster-no-excuses-just-results-vertical-wall-art: office + living-minimal (5s)
[11/101] money-follows-value-framed-poster-motivational-office-wall-art: office + living-minimal (5s)
[12/101] stay-hungry-poster-motivational-fitness-wall-art-vertical-framed: gym + living-minimal (5s)
[13/101] motivational-prove-yourself-right-framed-poster-inspiring-wall-art-for-home-or-office: office + living-minimal (5s)
[14/101] motivational-fight-club-poster-hard-way-builds-the-strongest-vertical-framed-art: gym + living-minimal (5s)
[15/101] poster-the-goal-never-moves-soccer-wall-art: gym + living-minimal (5s)
[16/101] poster-motivational-soccer-print-your-dreams-need-you: gym + living-minimal (6s)
[17/101] dont-quit-framed-poster-minimal-motivational-wall-art: office + living-minimal (5s)
[18/101] framed-poster-a-lot-can-happen-in-a-year-inspirational-wall-art: office + living-minimal (5s)
[19/101] vertical-poster-pressure-makes-diamonds-motivational-sports-wall-art: office + living-minimal (5s)
[20/101] framed-poster-dont-wait-to-be-happy-minimal-red-script-wall-art: bedroom-feminine + living-minimal (5s)
[21/101] la-dolce-vita-framed-poster-italian-phrase-wall-art: living-warm + living-minimal (5s)
[22/101] just-do-it-aviation-framed-poster: office + living-minimal (5s)
[23/101] framed-motivational-poster-you-were-born-an-original-don-t-die-a-copy: office + living-minimal (5s)
[24/101] motivational-mountain-poster-it-always-been-you-vs-you-framed-wall-art: living-minimal + office (5s)
[25/101] framed-poster-whatever-it-takes-motivational-portrait-wall-art: office + living-minimal (5s)
[26/101] framed-poster-work-so-hard-that-they-think-you-are-crazy-motivational-wall-art: office + living-minimal (5s)
[27/101] motivational-poster-i-always-win-vertical-framed-wall-art: office + living-minimal (5s)
[28/101] believe-in-yourself-poster-motivational-sports-trophy-wall-art: gym + living-minimal (5s)
[29/101] poster-i-win-thats-what-i-do-motivational-photo-wall-art: office + living-minimal (5s)
[30/101] motivational-gym-poster-i-dont-know-how-but-i-will-framed-fitness-print: gym + living-minimal (5s)
[31/101] framed-poster-just-do-some-creative-shits-bold-typographic-art-print: office + living-minimal (5s)
[32/101] motivational-framed-poster-the-only-limit-is-your-mind-black-white-wall-art: bedroom-feminine + living-minimal (5s)
[33/101] no-risk-no-story-poster-whimsical-baby-photo-wall-art: office + living-minimal (5s)
[34/101] motivational-poster-it-s-never-too-late-to-lock-in-black-white-portrait-art: office + living-minimal (5s)
[36/101] swan-lake-framed-art-print-serene-watercolor-swan-poster: bedroom-feminine + living-minimal (5s)
[37/101] ocean-predator-art-poster-sharks-aerial-surf-scene-vertical-framed-print: living-minimal + office (5s)
[38/101] black-doberman-among-sheep-poster-monochrome-animal-wall-art: living-minimal + office (5s)
[39/101] vintage-sports-car-horse-art-poster-retro-automotive-wall-decor: loft + living-minimal (5s)
[40/101] poster-surreal-horse-vintage-car-art-print: loft + living-minimal (6s)
[41/101] vintage-porsche-poster-retro-car-carousel-horse-vertical-framed-art: loft + living-minimal (6s)
[42/101] dressage-horse-poster-equestrian-art-print-vertical-framed: bedroom-feminine + living-minimal (5s)
[43/101] leopard-on-branch-black-white-framed-poster: living-minimal + office (5s)
[44/101] leopard-on-branch-framed-poster-minimalist-wildlife-wall-art: bedroom-feminine + living-minimal (5s)
[45/101] go-get-that-dream-leopard-poster: bedroom-feminine + living-minimal (5s)
[46/101] framed-poster-ferrari-and-white-stallion-art-print: loft + living-minimal (6s)
[47/101] framed-poster-watching-eyes-money-tear-wall-art-horizontal: office + living-minimal (5s)
[49/101] framed-poster-the-world-is-yours-motivational-wall-art: office + living-minimal (5s)
[50/101] wimbledon-tennis-court-framed-poster: living-minimal + office (5s)
[51/101] class-intensity-grit-tennis-framed-poster: gym + living-minimal (6s)
[52/101] tennis-court-framed-poster-aerial-tennis-match-wall-art: living-minimal + office (5s)
[53/101] tennis-court-framed-poster-aerial-green-court-art-print: living-minimal + office (5s)
[54/101] framed-poster-you-can-always-be-better-golf-wall-art: gym + living-minimal (5s)
